adc_setup.c:41:13:ADC_Calibrate	6
adc_setup.c:52:12:ADC_Read	5
imu_setup.c:85:16:platform_write_imu	1
imu_setup.c:93:16:platform_write_mag	1
imu_setup.c:101:16:platform_read_imu	1
imu_setup.c:108:16:platform_read_mag	1
imu_setup.c:116:13:platform_delay	1
main.c:99:5:main	7
main.c:246:6:SystemClock_Config	4
main.c:290:13:MX_ADC1_Init	5
main.c:368:13:MX_ADC2_Init	4
main.c:437:13:MX_ADC3_Init	5
main.c:515:13:MX_ADC4_Init	4
main.c:584:13:MX_I2C1_Init	4
main.c:632:13:MX_GPIO_Init	1
main.c:654:6:Error_Handler	1
