../Core/Src/adc_setup.c:41:13:ADC_Calibrate	16	static
../Core/Src/adc_setup.c:52:12:ADC_Read	16	static
../Core/Src/imu_setup.c:85:16:platform_write_imu	48	static
../Core/Src/imu_setup.c:93:16:platform_write_mag	48	static
../Core/Src/imu_setup.c:101:16:platform_read_imu	48	static
../Core/Src/imu_setup.c:108:16:platform_read_mag	48	static
../Core/Src/imu_setup.c:116:13:platform_delay	16	static
../Core/Src/main.c:99:5:main	40	static
../Core/Src/main.c:246:6:SystemClock_Config	128	static
../Core/Src/main.c:290:13:MX_ADC1_Init	48	static
../Core/Src/main.c:368:13:MX_ADC2_Init	32	static
../Core/Src/main.c:437:13:MX_ADC3_Init	48	static
../Core/Src/main.c:515:13:MX_ADC4_Init	32	static
../Core/Src/main.c:584:13:MX_I2C1_Init	8	static
../Core/Src/main.c:632:13:MX_GPIO_Init	24	static
../Core/Src/main.c:654:6:Error_Handler	4	static,ignoring_inline_asm
